// Jest Snapshot v1, https://goo.gl/fbAQLP

exports[`App matches a snapshot 1`] = `
Array [
  <span>
    1
     / 
    1
  </span>,