// Jest Snapshot v1, https://goo.gl/fbAQLP

exports[`App matches a snapshot 1`] = `
<form>
  <input
    name="title"
    type="text"
  />
  <input
    name="subtitle"
    type="text"
  />
</form>
`;
