// Jest Snapshot v1, https://goo.gl/fbAQLP

exports[`App matches a snapshot 1`] = `
Array [
  <h1>
     
     
  </h1>,
  <h2>
     
     
  </h2>,
]
`;
